// Jest Snapshot v1, https://goo.gl/fbAQLP

exports[`helpers splitAndBoldSearchText properly displays the found text as bold 1`] = `
<span
  style={
    {
      "whiteSpace": "pre-wrap",
    }
  }
>
  food 
  <span
    className="text-bold"
  >
    truck
  </span>
  
</span>
`;

exports[`helpers splitAndBoldSearchText properly displays the text as not bould when not found 1`] = `
<React.Fragment>
  food truck
</React.Fragment>
`;
