// Jest Snapshot v1, https://goo.gl/fbAQLP

exports[`<MgmtAuth /> matches the snapshot 1`] = `
<body>
  <div>
    <h1>
      Enter admin password:
    </h1>
    <label
      for="password"
    >
      Password
    </label>
    <div
      class="MuiFormControl-root MuiFormControl-fullWidth MuiTextField-root css-wb57ya-MuiFormControl-root-MuiTextField-root"
    >
      <div
        class="MuiOutlinedInput-root MuiInputBase-root MuiInputBase-colorPrimary MuiInputBase-fullWidth MuiInputBase-formControl css-md26zr-MuiInputBase-root-MuiOutlinedInput-root"
      >
        <input
          aria-invalid="false"
          class="MuiOutlinedInput-input MuiInputBase-input css-1t8l2tu-MuiInputBase-input-MuiOutlinedInput-input"
          data-testid="mgmt-password-field"
          id="password"
          name="password"
          type="password"
          value=""
        />
        <fieldset
          aria-hidden="true"
          class="MuiOutlinedInput-notchedOutline css-1d3z3hw-MuiOutlinedInput-notchedOutline"
        >
          <legend
            class="css-hdw1oc"
          >
            <span
              class="notranslate"
            >
              â€‹
            </span>
          </legend>
        </fieldset>
      </div>
    </div>
    <button
      class="usa-button margin-top-2"
      data-testid="mgmt-submit-bttn"
    >
      Submit
    </button>
  </div>
</body>
`;
